---
source: crates/banager-core/tests/brew_fixtures.rs
expression: result
---
[
  {
    "key": {
      "instance_id": "brew:/opt/homebrew",
      "kind": "Formula",
      "name": "glib"
    },
    "current": "2.88.3",
    "target": "2.90.0",
    "channel": "Native",
    "checkable": true,
    "warnings": [],
    "blocked": null
  },
  {
    "key": {
      "instance_id": "brew:/opt/homebrew",
      "kind": "Formula",
      "name": "libssh2"
    },
    "current": "1.11.1_4",
    "target": "1.11.1_5",
    "channel": "Native",
    "checkable": true,
    "warnings": [],
    "blocked": null
  },
  {
    "key": {
      "instance_id": "brew:/opt/homebrew",
      "kind": "Formula",
      "name": "libvmaf"
    },
    "current": "3.2.0",
    "target": "3.2.1",
    "channel": "Native",
    "checkable": true,
    "warnings": [],
    "blocked": null
  },
  {
    "key": {
      "instance_id": "brew:/opt/homebrew",
      "kind": "Cask",
      "name": "claudebar"
    },
    "current": "0.1.1",
    "target": "0.1.2",
    "channel": "Native",
    "checkable": true,
    "warnings": [],
    "blocked": null
  },
  {
    "key": {
      "instance_id": "brew:/opt/homebrew",
      "kind": "Cask",
      "name": "codexbar"
    },
    "current": "0.53.0",
    "target": "0.60.4",
    "channel": "Native",
    "checkable": true,
    "warnings": [],
    "blocked": null
  },
  {
    "key": {
      "instance_id": "brew:/opt/homebrew",
      "kind": "Cask",
      "name": "onyx"
    },
    "current": "5.0.2",
    "target": "5.1.0",
    "channel": "Native",
    "checkable": true,
    "warnings": [],
    "blocked": null
  }
]
