---
source: crates/banager-core/tests/brew_fixtures.rs
expression: result
---
[
  {
    "key": {
      "instance_id": "brew:/opt/homebrew",
      "kind": "Formula",
      "name": "aria2"
    },
    "display_name": "aria2",
    "version": "1.37.0_2",
    "reason": "Requested",
    "description": "Download with resuming and segmented downloading",
    "homepage": "https://aria2.github.io/",
    "size_bytes": null,
    "installed_at": 1786419383,
    "path": null,
    "auto_updates": false,
    "uninstall_blocked": null,
    "facts": {
      "family": null
    }
  },
  {
    "key": {
      "instance_id": "brew:/opt/homebrew",
      "kind": "Formula",
      "name": "brotli"
    },
    "display_name": "brotli",
    "version": "1.2.0",
    "reason": "Dependency",
    "description": "Generic-purpose lossless compression algorithm by Google",
    "homepage": "https://github.com/google/brotli",
    "size_bytes": null,
    "installed_at": 1783762028,
    "path": null,
    "auto_updates": false,
    "uninstall_blocked": null,
    "facts": {
      "family": null
    }
  },
  {
    "key": {
      "instance_id": "brew:/opt/homebrew",
      "kind": "Formula",
      "name": "c-ares"
    },
    "display_name": "c-ares",
    "version": "1.34.8",
    "reason": "Dependency",
    "description": "Asynchronous DNS library",
    "homepage": "https://c-ares.org/",
    "size_bytes": null,
    "installed_at": 1783762028,
    "path": null,
    "auto_updates": false,
    "uninstall_blocked": null,
    "facts": {
      "family": null
    }
  },
  {
    "key": {
      "instance_id": "brew:/opt/homebrew",
      "kind": "Formula",
      "name": "ca-certificates"
    },
    "display_name": "ca-certificates",
    "version": "2026-08-13",
    "reason": "Dependency",
    "description": "Mozilla CA certificate store",
    "homepage": "https://curl.se/docs/caextract.html",
    "size_bytes": null,
    "installed_at": 1788244411,
    "path": null,
    "auto_updates": false,
    "uninstall_blocked": null,
    "facts": {
      "family": null
    }
  },
  {
    "key": {
      "instance_id": "brew:/opt/homebrew",
      "kind": "Formula",
      "name": "cairo"
    },
    "display_name": "cairo",
    "version": "1.18.4",
    "reason": "Dependency",
    "description": "Vector graphics library with cross-device output support",
    "homepage": "https://cairographics.org/",
    "size_bytes": null,
    "installed_at": 1788244411,
    "path": null,
    "auto_updates": false,
    "uninstall_blocked": null,
    "facts": {
      "family": null
    }
  },
  {
    "key": {
      "instance_id": "brew:/opt/homebrew",
      "kind": "Formula",
      "name": "dav1d"
    },
    "display_name": "dav1d",
    "version": "1.5.4",
    "reason": "Dependency",
    "description": "AV1 decoder targeted to be small and fast",
    "homepage": "https://code.videolan.org/videolan/dav1d",
    "size_bytes": null,
    "installed_at": 1786411428,
    "path": null,
    "auto_updates": false,
    "uninstall_blocked": null,
    "facts": {
      "family": null
    }
  },
  {
    "key": {
      "instance_id": "brew:/opt/homebrew",
      "kind": "Formula",
      "name": "ffmpeg"
    },
    "display_name": "ffmpeg",
    "version": "9.0.1_1",
    "reason": "Requested",
    "description": "Play, record, convert, and stream select audio and video codecs",
    "homepage": "https://ffmpeg.org/",
    "size_bytes": null,
    "installed_at": 1789625481,
    "path": null,
    "auto_updates": false,
    "uninstall_blocked": null,
    "facts": {
      "family": null
    }
  },
  {
    "key": {
      "instance_id": "brew:/opt/homebrew",
      "kind": "Formula",
      "name": "fontconfig"
    },
    "display_name": "fontconfig",
    "version": "2.18.3",
    "reason": "Dependency",
    "description": "XML-based font configuration API for X Windows",
    "homepage": "https://wiki.freedesktop.org/www/Software/fontconfig/",
    "size_bytes": null,
    "installed_at": 1788244404,
    "path": null,
    "auto_updates": false,
    "uninstall_blocked": null,
    "facts": {
      "family": null
    }
  },
  {
    "key": {
      "instance_id": "brew:/opt/homebrew",
      "kind": "Formula",
      "name": "freetype"
    },
    "display_name": "freetype",
    "version": "2.14.3",
    "reason": "Dependency",
    "description": "Software library to render fonts",
    "homepage": "https://www.freetype.org/",
    "size_bytes": null,
    "installed_at": 1788244404,
    "path": null,
    "auto_updates": false,
    "uninstall_blocked": null,
    "facts": {
      "family": null
    }
  },
  {
    "key": {
      "instance_id": "brew:/opt/homebrew",
      "kind": "Formula",
      "name": "gettext"
    },
    "display_name": "gettext",
    "version": "1.0",
    "reason": "Dependency",
    "description": "GNU internationalization (i18n) and localization (l10n) library",
    "homepage": "https://www.gnu.org/software/gettext/",
    "size_bytes": null,
    "installed_at": 1786419383,
    "path": null,
    "auto_updates": false,
    "uninstall_blocked": null,
    "facts": {
      "family": null
    }
  },
  {
    "key": {
      "instance_id": "brew:/opt/homebrew",
      "kind": "Formula",
      "name": "gh"
    },
    "display_name": "gh",
    "version": "2.101.0",
    "reason": "Requested",
    "description": "GitHub command-line tool",
    "homepage": "https://cli.github.com/",
    "size_bytes": null,
    "installed_at": 1789625415,
    "path": null,
    "auto_updates": false,
    "uninstall_blocked": null,
    "facts": {
      "family": null
    }
  },
  {
    "key": {
      "instance_id": "brew:/opt/homebrew",
      "kind": "Formula",
      "name": "giflib"
    },
    "display_name": "giflib",
    "version": "6.1.3",
    "reason": "Dependency",
    "description": "Library and utilities for processing GIFs",
    "homepage": "https://giflib.sourceforge.net/",
    "size_bytes": null,
    "installed_at": 1788244420,
    "path": null,
    "auto_updates": false,
    "uninstall_blocked": null,
    "facts": {
      "family": null
    }
  },
  {
    "key": {
      "instance_id": "brew:/opt/homebrew",
      "kind": "Formula",
      "name": "git-filter-repo"
    },
    "display_name": "git-filter-repo",
    "version": "2.47.0",
    "reason": "Requested",
    "description": "Quickly rewrite git repository history",
    "homepage": "https://github.com/newren/git-filter-repo",
    "size_bytes": null,
    "installed_at": 1783829237,
    "path": null,
    "auto_updates": false,
    "uninstall_blocked": null,
    "facts": {
      "family": null
    }
  },
  {
    "key": {
      "instance_id": "brew:/opt/homebrew",
      "kind": "Formula",
      "name": "glib"
    },
    "display_name": "glib",
    "version": "2.88.3",
    "reason": "Dependency",
    "description": "Core application library for C",
    "homepage": "https://docs.gtk.org/glib/",
    "size_bytes": null,
    "installed_at": 1788244409,
    "path": null,
    "auto_updates": false,
    "uninstall_blocked": null,
    "facts": {
      "family": null
    }
  },
  {
    "key": {
      "instance_id": "brew:/opt/homebrew",
      "kind": "Formula",
      "name": "gmp"
    },
    "display_name": "gmp",
    "version": "6.3.0",
    "reason": "Dependency",
    "description": "GNU multiple precision arithmetic library",
    "homepage": "https://gmplib.org/",
    "size_bytes": null,
    "installed_at": 1788244417,
    "path": null,
    "auto_updates": false,
    "uninstall_blocked": null,
    "facts": {
      "family": null
    }
  },
  {
    "key": {
      "instance_id": "brew:/opt/homebrew",
      "kind": "Formula",
      "name": "gnupg"
    },
    "display_name": "gnupg",
    "version": "2.5.22",
    "reason": "Dependency",
    "description": "GNU Privacy Guard (OpenPGP)",
    "homepage": "https://gnupg.org/",
    "size_bytes": null,
    "installed_at": 1789625611,
    "path": null,
    "auto_updates": false,
    "uninstall_blocked": null,
    "facts": {
      "family": null
    }
  },
  {
    "key": {
      "instance_id": "brew:/opt/homebrew",
      "kind": "Formula",
      "name": "gnutls"
    },
    "display_name": "gnutls",
    "version": "3.8.13_2",
    "reason": "Dependency",
    "description": "GNU Transport Layer Security (TLS) Library",
    "homepage": "https://gnutls.org/",
    "size_bytes": null,
    "installed_at": 1788244417,
    "path": null,
    "auto_updates": false,
    "uninstall_blocked": null,
    "facts": {
      "family": null
    }
  },
  {
    "key": {
      "instance_id": "brew:/opt/homebrew",
      "kind": "Formula",
      "name": "gpgme"
    },
    "display_name": "gpgme",
    "version": "2.2.0",
    "reason": "Dependency",
    "description": "Library access to GnuPG",
    "homepage": "https://www.gnupg.org/related_software/gpgme/",
    "size_bytes": null,
    "installed_at": 1788244419,
    "path": null,
    "auto_updates": false,
    "uninstall_blocked": null,
    "facts": {
      "family": null
    }
  },
  {
    "key": {
      "instance_id": "brew:/opt/homebrew",
      "kind": "Formula",
      "name": "gpgmepp"
    },
    "display_name": "gpgmepp",
    "version": "2.2.0",
    "reason": "Dependency",
    "description": "C++ bindings for gpgme",
    "homepage": "https://www.gnupg.org/related_software/gpgme/",
    "size_bytes": null,
    "installed_at": 1789625612,
    "path": null,
    "auto_updates": false,
    "uninstall_blocked": null,
    "facts": {
      "family": null
    }
  },
  {
    "key": {
      "instance_id": "brew:/opt/homebrew",
      "kind": "Formula",
      "name": "graphite2"
    },
    "display_name": "graphite2",
    "version": "1.3.15",
    "reason": "Dependency",
    "description": "Smart font renderer for non-Roman scripts",
    "homepage": "https://graphite.sil.org/",
    "size_bytes": null,
    "installed_at": 1789625612,
    "path": null,
    "auto_updates": false,
    "uninstall_blocked": null,
    "facts": {
      "family": null
    }
  },
  {
    "key": {
      "instance_id": "brew:/opt/homebrew",
      "kind": "Formula",
      "name": "harfbuzz"
    },
    "display_name": "harfbuzz",
    "version": "14.4.0",
    "reason": "Dependency",
    "description": "OpenType text shaping engine",
    "homepage": "https://github.com/harfbuzz/harfbuzz",
    "size_bytes": null,
    "installed_at": 1789625612,
    "path": null,
    "auto_updates": false,
    "uninstall_blocked": null,
    "facts": {
      "family": null
    }
  },
  {
    "key": {
      "instance_id": "brew:/opt/homebrew",
      "kind": "Formula",
      "name": "himalaya"
    },
    "display_name": "himalaya",
    "version": "2.1.0",
    "reason": "Requested",
    "description": "CLI email client written in Rust",
    "homepage": "https://pimalaya.org",
    "size_bytes": null,
    "installed_at": 1789625527,
    "path": null,
    "auto_updates": false,
    "uninstall_blocked": null,
    "facts": {
      "family": null
    }
  },
  {
    "key": {
      "instance_id": "brew:/opt/homebrew",
      "kind": "Formula",
      "name": "icu4c@78"
    },
    "display_name": "icu4c@78",
    "version": "78.3",
    "reason": "Dependency",
    "description": "C/C++ and Java libraries for Unicode and globalization",
    "homepage": "https://icu.unicode.org/home",
    "size_bytes": null,
    "installed_at": 1783762028,
    "path": null,
    "auto_updates": false,
    "uninstall_blocked": null,
    "facts": {
      "family": null
    }
  },
  {
    "key": {
      "instance_id": "brew:/opt/homebrew",
      "kind": "Formula",
      "name": "jpeg-turbo"
    },
    "display_name": "jpeg-turbo",
    "version": "3.2.0",
    "reason": "Dependency",
    "description": "JPEG image codec that aids compression and decompression",
    "homepage": "https://www.libjpeg-turbo.org/",
    "size_bytes": null,
    "installed_at": 1788244419,
    "path": null,
    "auto_updates": false,
    "uninstall_blocked": null,
    "facts": {
      "family": null
    }
  },
  {
    "key": {
      "instance_id": "brew:/opt/homebrew",
      "kind": "Formula",
      "name": "jq"
    },
    "display_name": "jq",
    "version": "1.8.2",
    "reason": "Requested",
    "description": "Lightweight and flexible command-line JSON processor",
    "homepage": "https://jqlang.github.io/jq/",
    "size_bytes": null,
    "installed_at": 1783762037,
    "path": null,
    "auto_updates": false,
    "uninstall_blocked": null,
    "facts": {
      "family": null
    }
  },
  {
    "key": {
      "instance_id": "brew:/opt/homebrew",
      "kind": "Formula",
      "name": "json-c"
    },
    "display_name": "json-c",
    "version": "0.19",
    "reason": "Dependency",
    "description": "JSON parser for C",
    "homepage": "https://github.com/json-c/json-c/wiki",
    "size_bytes": null,
    "installed_at": 1786419383,
    "path": null,
    "auto_updates": false,
    "uninstall_blocked": null,
    "facts": {
      "family": null
    }
  },
  {
    "key": {
      "instance_id": "brew:/opt/homebrew",
      "kind": "Formula",
      "name": "lame"
    },
    "display_name": "lame",
    "version": "4.0",
    "reason": "Dependency",
    "description": "High quality MPEG Audio Layer III (MP3) encoder",
    "homepage": "https://lame.sourceforge.io/",
    "size_bytes": null,
    "installed_at": 1786411429,
    "path": null,
    "auto_updates": false,
    "uninstall_blocked": null,
    "facts": {
      "family": null
    }
  },
  {
    "key": {
      "instance_id": "brew:/opt/homebrew",
      "kind": "Formula",
      "name": "libassuan"
    },
    "display_name": "libassuan",
    "version": "3.0.2",
    "reason": "Dependency",
    "description": "Assuan IPC Library",
    "homepage": "https://www.gnupg.org/related_software/libassuan/",
    "size_bytes": null,
    "installed_at": 1788244418,
    "path": null,
    "auto_updates": false,
    "uninstall_blocked": null,
    "facts": {
      "family": null
    }
  },
  {
    "key": {
      "instance_id": "brew:/opt/homebrew",
      "kind": "Formula",
      "name": "libgcrypt"
    },
    "display_name": "libgcrypt",
    "version": "1.12.4",
    "reason": "Dependency",
    "description": "Cryptographic library based on the code from GnuPG",
    "homepage": "https://gnupg.org/related_software/libgcrypt/",
    "size_bytes": null,
    "installed_at": 1789625611,
    "path": null,
    "auto_updates": false,
    "uninstall_blocked": null,
    "facts": {
      "family": null
    }
  },
  {
    "key": {
      "instance_id": "brew:/opt/homebrew",
      "kind": "Formula",
      "name": "libgpg-error"
    },
    "display_name": "libgpg-error",
    "version": "1.61",
    "reason": "Dependency",
    "description": "Common error values for all GnuPG components",
    "homepage": "https://www.gnupg.org/related_software/libgpg-error/",
    "size_bytes": null,
    "installed_at": 1788244418,
    "path": null,
    "auto_updates": false,
    "uninstall_blocked": null,
    "facts": {
      "family": null
    }
  },
  {
    "key": {
      "instance_id": "brew:/opt/homebrew",
      "kind": "Formula",
      "name": "libidn2"
    },
    "display_name": "libidn2",
    "version": "2.3.8",
    "reason": "Dependency",
    "description": "International domain name library (IDNA2008, Punycode and TR46)",
    "homepage": "https://www.gnu.org/software/libidn/#libidn2",
    "size_bytes": null,
    "installed_at": 1788244417,
    "path": null,
    "auto_updates": false,
    "uninstall_blocked": null,
    "facts": {
      "family": null
    }
  },
  {
    "key": {
      "instance_id": "brew:/opt/homebrew",
      "kind": "Formula",
      "name": "libksba"
    },
    "display_name": "libksba",
    "version": "1.8.1",
    "reason": "Dependency",
    "description": "X.509 and CMS library",
    "homepage": "https://www.gnupg.org/related_software/libksba/",
    "size_bytes": null,
    "installed_at": 1788244418,
    "path": null,
    "auto_updates": false,
    "uninstall_blocked": null,
    "facts": {
      "family": null
    }
  },
  {
    "key": {
      "instance_id": "brew:/opt/homebrew",
      "kind": "Formula",
      "name": "libnghttp2"
    },
    "display_name": "libnghttp2",
    "version": "1.70.0",
    "reason": "Dependency",
    "description": "HTTP/2 C Library",
    "homepage": "https://nghttp2.org/",
    "size_bytes": null,
    "installed_at": 1789625546,
    "path": null,
    "auto_updates": false,
    "uninstall_blocked": null,
    "facts": {
      "family": null
    }
  },
  {
    "key": {
      "instance_id": "brew:/opt/homebrew",
      "kind": "Formula",
      "name": "libnghttp3"
    },
    "display_name": "libnghttp3",
    "version": "1.18.0",
    "reason": "Dependency",
    "description": "HTTP/3 library written in C",
    "homepage": "https://nghttp2.org/nghttp3/",
    "size_bytes": null,
    "installed_at": 1789625546,
    "path": null,
    "auto_updates": false,
    "uninstall_blocked": null,
    "facts": {
      "family": null
    }
  },
  {
    "key": {
      "instance_id": "brew:/opt/homebrew",
      "kind": "Formula",
      "name": "libngtcp2"
    },
    "display_name": "libngtcp2",
    "version": "1.25.0",
    "reason": "Dependency",
    "description": "IETF QUIC protocol implementation",
    "homepage": "https://nghttp2.org/ngtcp2/",
    "size_bytes": null,
    "installed_at": 1789625546,
    "path": null,
    "auto_updates": false,
    "uninstall_blocked": null,
    "facts": {
      "family": null
    }
  },
  {
    "key": {
      "instance_id": "brew:/opt/homebrew",
      "kind": "Formula",
      "name": "libpng"
    },
    "display_name": "libpng",
    "version": "1.6.58",
    "reason": "Dependency",
    "description": "Library for manipulating PNG images",
    "homepage": "https://www.libpng.org/pub/png/libpng.html",
    "size_bytes": null,
    "installed_at": 1788244404,
    "path": null,
    "auto_updates": false,
    "uninstall_blocked": null,
    "facts": {
      "family": null
    }
  },
  {
    "key": {
      "instance_id": "brew:/opt/homebrew",
      "kind": "Formula",
      "name": "libssh2"
    },
    "display_name": "libssh2",
    "version": "1.11.1_4",
    "reason": "Dependency",
    "description": "C library implementing the SSH2 protocol",
    "homepage": "https://libssh2.org/",
    "size_bytes": null,
    "installed_at": 1786419383,
    "path": null,
    "auto_updates": false,
    "uninstall_blocked": null,
    "facts": {
      "family": null
    }
  },
  {
    "key": {
      "instance_id": "brew:/opt/homebrew",
      "kind": "Formula",
      "name": "libtasn1"
    },
    "display_name": "libtasn1",
    "version": "4.21.0",
    "reason": "Dependency",
    "description": "ASN.1 structure parser library",
    "homepage": "https://www.gnu.org/software/libtasn1/",
    "size_bytes": null,
    "installed_at": 1788244417,
    "path": null,
    "auto_updates": false,
    "uninstall_blocked": null,
    "facts": {
      "family": null
    }
  },
  {
    "key": {
      "instance_id": "brew:/opt/homebrew",
      "kind": "Formula",
      "name": "libtiff"
    },
    "display_name": "libtiff",
    "version": "4.7.2",
    "reason": "Dependency",
    "description": "TIFF library and utilities",
    "homepage": "https://libtiff.gitlab.io/libtiff/",
    "size_bytes": null,
    "installed_at": 1788244420,
    "path": null,
    "auto_updates": false,
    "uninstall_blocked": null,
    "facts": {
      "family": null
    }
  },
  {
    "key": {
      "instance_id": "brew:/opt/homebrew",
      "kind": "Formula",
      "name": "libunistring"
    },
    "display_name": "libunistring",
    "version": "1.4.2",
    "reason": "Dependency",
    "description": "C string library for manipulating Unicode strings",
    "homepage": "https://www.gnu.org/software/libunistring/",
    "size_bytes": null,
    "installed_at": 1786419383,
    "path": null,
    "auto_updates": false,
    "uninstall_blocked": null,
    "facts": {
      "family": null
    }
  },
  {
    "key": {
      "instance_id": "brew:/opt/homebrew",
      "kind": "Formula",
      "name": "libusb"
    },
    "display_name": "libusb",
    "version": "1.0.30",
    "reason": "Dependency",
    "description": "Library for USB device access",
    "homepage": "https://libusb.info/",
    "size_bytes": null,
    "installed_at": 1788244418,
    "path": null,
    "auto_updates": false,
    "uninstall_blocked": null,
    "facts": {
      "family": null
    }
  },
  {
    "key": {
      "instance_id": "brew:/opt/homebrew",
      "kind": "Formula",
      "name": "libuv"
    },
    "display_name": "libuv",
    "version": "1.52.1",
    "reason": "Dependency",
    "description": "Multi-platform support library with a focus on asynchronous I/O",
    "homepage": "https://libuv.org/",
    "size_bytes": null,
    "installed_at": 1783762035,
    "path": null,
    "auto_updates": false,
    "uninstall_blocked": null,
    "facts": {
      "family": null
    }
  },
  {
    "key": {
      "instance_id": "brew:/opt/homebrew",
      "kind": "Formula",
      "name": "libvmaf"
    },
    "display_name": "libvmaf",
    "version": "3.2.0",
    "reason": "Dependency",
    "description": "Perceptual video quality assessment based on multi-method fusion",
    "homepage": "https://github.com/Netflix/vmaf",
    "size_bytes": null,
    "installed_at": 1786411429,
    "path": null,
    "auto_updates": false,
    "uninstall_blocked": null,
    "facts": {
      "family": null
    }
  },
  {
    "key": {
      "instance_id": "brew:/opt/homebrew",
      "kind": "Formula",
      "name": "libvpx"
    },
    "display_name": "libvpx",
    "version": "1.17.0",
    "reason": "Dependency",
    "description": "VP8/VP9 video codec",
    "homepage": "https://www.webmproject.org/code/",
    "size_bytes": null,
    "installed_at": 1789625481,
    "path": null,
    "auto_updates": false,
    "uninstall_blocked": null,
    "facts": {
      "family": null
    }
  },
  {
    "key": {
      "instance_id": "brew:/opt/homebrew",
      "kind": "Formula",
      "name": "libx11"
    },
    "display_name": "libx11",
    "version": "1.8.13",
    "reason": "Dependency",
    "description": "X.Org: Core X11 protocol client library",
    "homepage": "https://www.x.org/",
    "size_bytes": null,
    "installed_at": 1788244410,
    "path": null,
    "auto_updates": false,
    "uninstall_blocked": null,
    "facts": {
      "family": null
    }
  },
  {
    "key": {
      "instance_id": "brew:/opt/homebrew",
      "kind": "Formula",
      "name": "libxau"
    },
    "display_name": "libxau",
    "version": "1.0.12",
    "reason": "Dependency",
    "description": "X.Org: A Sample Authorization Protocol for X",
    "homepage": "https://www.x.org/",
    "size_bytes": null,
    "installed_at": 1788244410,
    "path": null,
    "auto_updates": false,
    "uninstall_blocked": null,
    "facts": {
      "family": null
    }
  },
  {
    "key": {
      "instance_id": "brew:/opt/homebrew",
      "kind": "Formula",
      "name": "libxcb"
    },
    "display_name": "libxcb",
    "version": "1.17.0",
    "reason": "Dependency",
    "description": "X.Org: Interface to the X Window System protocol",
    "homepage": "https://www.x.org/",
    "size_bytes": null,
    "installed_at": 1788244410,
    "path": null,
    "auto_updates": false,
    "uninstall_blocked": null,
    "facts": {
      "family": null
    }
  },
  {
    "key": {
      "instance_id": "brew:/opt/homebrew",
      "kind": "Formula",
      "name": "libxdmcp"
    },
    "display_name": "libxdmcp",
    "version": "1.1.5",
    "reason": "Dependency",
    "description": "X.Org: X Display Manager Control Protocol library",
    "homepage": "https://www.x.org/",
    "size_bytes": null,
    "installed_at": 1788244410,
    "path": null,
    "auto_updates": false,
    "uninstall_blocked": null,
    "facts": {
      "family": null
    }
  },
  {
    "key": {
      "instance_id": "brew:/opt/homebrew",
      "kind": "Formula",
      "name": "libxext"
    },
    "display_name": "libxext",
    "version": "1.3.7",
    "reason": "Dependency",
    "description": "X.Org: Library for common extensions to the X11 protocol",
    "homepage": "https://www.x.org/",
    "size_bytes": null,
    "installed_at": 1788244411,
    "path": null,
    "auto_updates": false,
    "uninstall_blocked": null,
    "facts": {
      "family": null
    }
  },
  {
    "key": {
      "instance_id": "brew:/opt/homebrew",
      "kind": "Formula",
      "name": "libxrender"
    },
    "display_name": "libxrender",
    "version": "0.9.12",
    "reason": "Dependency",
    "description": "X.Org: Library for the Render Extension to the X11 protocol",
    "homepage": "https://www.x.org/",
    "size_bytes": null,
    "installed_at": 1788244411,
    "path": null,
    "auto_updates": false,
    "uninstall_blocked": null,
    "facts": {
      "family": null
    }
  },
  {
    "key": {
      "instance_id": "brew:/opt/homebrew",
      "kind": "Formula",
      "name": "little-cms2"
    },
    "display_name": "little-cms2",
    "version": "2.19.1",
    "reason": "Dependency",
    "description": "Color management engine supporting ICC profiles",
    "homepage": "https://www.littlecms.com/",
    "size_bytes": null,
    "installed_at": 1788244420,
    "path": null,
    "auto_updates": false,
    "uninstall_blocked": null,
    "facts": {
      "family": null
    }
  },
  {
    "key": {
      "instance_id": "brew:/opt/homebrew",
      "kind": "Formula",
      "name": "lz4"
    },
    "display_name": "lz4",
    "version": "1.10.0",
    "reason": "Dependency",
    "description": "Extremely Fast Compression algorithm",
    "homepage": "https://lz4.github.io/lz4/",
    "size_bytes": null,
    "installed_at": 1783762035,
    "path": null,
    "auto_updates": false,
    "uninstall_blocked": null,
    "facts": {
      "family": null
    }
  },
  {
    "key": {
      "instance_id": "brew:/opt/homebrew",
      "kind": "Formula",
      "name": "lzo"
    },
    "display_name": "lzo",
    "version": "2.10",
    "reason": "Dependency",
    "description": "Real-time data compression library",
    "homepage": "https://www.oberhumer.com/opensource/lzo/",
    "size_bytes": null,
    "installed_at": 1788244411,
    "path": null,
    "auto_updates": false,
    "uninstall_blocked": null,
    "facts": {
      "family": null
    }
  },
  {
    "key": {
      "instance_id": "brew:/opt/homebrew",
      "kind": "Formula",
      "name": "mlx"
    },
    "display_name": "mlx",
    "version": "0.32.1",
    "reason": "Dependency",
    "description": "Array framework for Apple silicon",
    "homepage": "https://ml-explore.github.io/mlx/build/html/index.html",
    "size_bytes": null,
    "installed_at": 1789618191,
    "path": null,
    "auto_updates": false,
    "uninstall_blocked": null,
    "facts": {
      "family": null
    }
  },
  {
    "key": {
      "instance_id": "brew:/opt/homebrew",
      "kind": "Formula",
      "name": "mlx-c"
    },
    "display_name": "mlx-c",
    "version": "0.6.0_4",
    "reason": "Dependency",
    "description": "C API for MLX",
    "homepage": "https://ml-explore.github.io/mlx-c/build/html/index.html",
    "size_bytes": null,
    "installed_at": 1789618191,
    "path": null,
    "auto_updates": false,
    "uninstall_blocked": null,
    "facts": {
      "family": null
    }
  },
  {
    "key": {
      "instance_id": "brew:/opt/homebrew",
      "kind": "Formula",
      "name": "mpdecimal"
    },
    "display_name": "mpdecimal",
    "version": "4.0.1",
    "reason": "Dependency",
    "description": "Library for decimal floating point arithmetic",
    "homepage": "https://www.bytereef.org/mpdecimal/",
    "size_bytes": null,
    "installed_at": 1785834773,
    "path": null,
    "auto_updates": false,
    "uninstall_blocked": null,
    "facts": {
      "family": null
    }
  },
  {
    "key": {
      "instance_id": "brew:/opt/homebrew",
      "kind": "Formula",
      "name": "mpg123"
    },
    "display_name": "mpg123",
    "version": "1.33.7",
    "reason": "Dependency",
    "description": "MP3 player for Linux and UNIX",
    "homepage": "https://www.mpg123.de/",
    "size_bytes": null,
    "installed_at": 1786411428,
    "path": null,
    "auto_updates": false,
    "uninstall_blocked": null,
    "facts": {
      "family": null
    }
  },
  {
    "key": {
      "instance_id": "brew:/opt/homebrew",
      "kind": "Formula",
      "name": "nettle"
    },
    "display_name": "nettle",
    "version": "4.0",
    "reason": "Dependency",
    "description": "Low-level cryptographic library",
    "homepage": "https://www.lysator.liu.se/~nisse/nettle/",
    "size_bytes": null,
    "installed_at": 1788244417,
    "path": null,
    "auto_updates": false,
    "uninstall_blocked": null,
    "facts": {
      "family": null
    }
  },
  {
    "key": {
      "instance_id": "brew:/opt/homebrew",
      "kind": "Formula",
      "name": "node@22"
    },
    "display_name": "node@22",
    "version": "22.23.2_2",
    "reason": "Requested",
    "description": "Open-source, cross-platform JavaScript runtime environment",
    "homepage": "https://nodejs.org/",
    "size_bytes": null,
    "installed_at": 1789625546,
    "path": null,
    "auto_updates": false,
    "uninstall_blocked": null,
    "facts": {
      "family": null
    }
  },
  {
    "key": {
      "instance_id": "brew:/opt/homebrew",
      "kind": "Formula",
      "name": "npth"
    },
    "display_name": "npth",
    "version": "1.8",
    "reason": "Dependency",
    "description": "New GNU portable threads library",
    "homepage": "https://gnupg.org/",
    "size_bytes": null,
    "installed_at": 1788244418,
    "path": null,
    "auto_updates": false,
    "uninstall_blocked": null,
    "facts": {
      "family": null
    }
  },
  {
    "key": {
      "instance_id": "brew:/opt/homebrew",
      "kind": "Formula",
      "name": "nspr"
    },
    "display_name": "nspr",
    "version": "4.40",
    "reason": "Dependency",
    "description": "Platform-neutral API for system-level and libc-like functions",
    "homepage": "https://hg.mozilla.org/projects/nspr",
    "size_bytes": null,
    "installed_at": 1788244420,
    "path": null,
    "auto_updates": false,
    "uninstall_blocked": null,
    "facts": {
      "family": null
    }
  },
  {
    "key": {
      "instance_id": "brew:/opt/homebrew",
      "kind": "Formula",
      "name": "nss"
    },
    "display_name": "nss",
    "version": "3.129",
    "reason": "Dependency",
    "description": "Libraries for security-enabled client and server applications",
    "homepage": "https://firefox-source-docs.mozilla.org/security/nss/index.html",
    "size_bytes": null,
    "installed_at": 1789625612,
    "path": null,
    "auto_updates": false,
    "uninstall_blocked": null,
    "facts": {
      "family": null
    }
  },
  {
    "key": {
      "instance_id": "brew:/opt/homebrew",
      "kind": "Formula",
      "name": "ollama"
    },
    "display_name": "ollama",
    "version": "0.34.1",
    "reason": "Requested",
    "description": "Create, run, and share large language models (LLMs)",
    "homepage": "https://ollama.com/",
    "size_bytes": null,
    "installed_at": 1789636459,
    "path": null,
    "auto_updates": false,
    "uninstall_blocked": null,
    "facts": {
      "family": null
    }
  },
  {
    "key": {
      "instance_id": "brew:/opt/homebrew",
      "kind": "Formula",
      "name": "oniguruma"
    },
    "display_name": "oniguruma",
    "version": "6.9.10",
    "reason": "Dependency",
    "description": "Regular expressions library",
    "homepage": "https://github.com/kkos/oniguruma/",
    "size_bytes": null,
    "installed_at": 1783762037,
    "path": null,
    "auto_updates": false,
    "uninstall_blocked": null,
    "facts": {
      "family": null
    }
  },
  {
    "key": {
      "instance_id": "brew:/opt/homebrew",
      "kind": "Formula",
      "name": "openjpeg"
    },
    "display_name": "openjpeg",
    "version": "2.5.4",
    "reason": "Dependency",
    "description": "Library for JPEG-2000 image manipulation",
    "homepage": "https://www.openjpeg.org/",
    "size_bytes": null,
    "installed_at": 1788244420,
    "path": null,
    "auto_updates": false,
    "uninstall_blocked": null,
    "facts": {
      "family": null
    }
  },
  {
    "key": {
      "instance_id": "brew:/opt/homebrew",
      "kind": "Formula",
      "name": "openssl@3"
    },
    "display_name": "openssl@3",
    "version": "3.6.4",
    "reason": "Dependency",
    "description": "Cryptography and SSL/TLS Toolkit",
    "homepage": "https://openssl-library.org",
    "size_bytes": null,
    "installed_at": 1789618188,
    "path": null,
    "auto_updates": false,
    "uninstall_blocked": null,
    "facts": {
      "family": null
    }
  },
  {
    "key": {
      "instance_id": "brew:/opt/homebrew",
      "kind": "Formula",
      "name": "opus"
    },
    "display_name": "opus",
    "version": "1.6.1",
    "reason": "Dependency",
    "description": "Audio codec",
    "homepage": "https://www.opus-codec.org/",
    "size_bytes": null,
    "installed_at": 1786411429,
    "path": null,
    "auto_updates": false,
    "uninstall_blocked": null,
    "facts": {
      "family": null
    }
  },
  {
    "key": {
      "instance_id": "brew:/opt/homebrew",
      "kind": "Formula",
      "name": "p11-kit"
    },
    "display_name": "p11-kit",
    "version": "0.26.5",
    "reason": "Dependency",
    "description": "Library to load and enumerate PKCS#11 modules",
    "homepage": "https://p11-glue.github.io/p11-glue/p11-kit.html",
    "size_bytes": null,
    "installed_at": 1788244417,
    "path": null,
    "auto_updates": false,
    "uninstall_blocked": null,
    "facts": {
      "family": null
    }
  },
  {
    "key": {
      "instance_id": "brew:/opt/homebrew",
      "kind": "Formula",
      "name": "pcre2"
    },
    "display_name": "pcre2",
    "version": "10.48",
    "reason": "Dependency",
    "description": "Perl compatible regular expressions library with a new API",
    "homepage": "https://www.pcre.org/",
    "size_bytes": null,
    "installed_at": 1788244409,
    "path": null,
    "auto_updates": false,
    "uninstall_blocked": null,
    "facts": {
      "family": null
    }
  },
  {
    "key": {
      "instance_id": "brew:/opt/homebrew",
      "kind": "Formula",
      "name": "pinentry"
    },
    "display_name": "pinentry",
    "version": "1.3.3",
    "reason": "Dependency",
    "description": "Passphrase entry dialog utilizing the Assuan protocol",
    "homepage": "https://www.gnupg.org/related_software/pinentry/",
    "size_bytes": null,
    "installed_at": 1788244418,
    "path": null,
    "auto_updates": false,
    "uninstall_blocked": null,
    "facts": {
      "family": null
    }
  },
  {
    "key": {
      "instance_id": "brew:/opt/homebrew",
      "kind": "Formula",
      "name": "pixman"
    },
    "display_name": "pixman",
    "version": "0.46.4",
    "reason": "Dependency",
    "description": "Low-level library for pixel manipulation",
    "homepage": "https://cairographics.org/",
    "size_bytes": null,
    "installed_at": 1788244411,
    "path": null,
    "auto_updates": false,
    "uninstall_blocked": null,
    "facts": {
      "family": null
    }
  },
  {
    "key": {
      "instance_id": "brew:/opt/homebrew",
      "kind": "Formula",
      "name": "poppler"
    },
    "display_name": "poppler",
    "version": "26.09.0",
    "reason": "Requested",
    "description": "PDF rendering library (based on the xpdf-3.0 code base)",
    "homepage": "https://poppler.freedesktop.org/",
    "size_bytes": null,
    "installed_at": 1789625613,
    "path": null,
    "auto_updates": false,
    "uninstall_blocked": null,
    "facts": {
      "family": null
    }
  },
  {
    "key": {
      "instance_id": "brew:/opt/homebrew",
      "kind": "Formula",
      "name": "python@3.11"
    },
    "display_name": "python@3.11",
    "version": "3.11.16",
    "reason": "Requested",
    "description": "Interpreted, interactive, object-oriented programming language",
    "homepage": "https://www.python.org/",
    "size_bytes": null,
    "installed_at": 1789625626,
    "path": null,
    "auto_updates": false,
    "uninstall_blocked": null,
    "facts": {
      "family": null
    }
  },
  {
    "key": {
      "instance_id": "brew:/opt/homebrew",
      "kind": "Formula",
      "name": "python@3.14"
    },
    "display_name": "python@3.14",
    "version": "3.14.7",
    "reason": "Requested",
    "description": "Interpreted, interactive, object-oriented programming language",
    "homepage": "https://www.python.org/",
    "size_bytes": null,
    "installed_at": 1789618190,
    "path": null,
    "auto_updates": false,
    "uninstall_blocked": null,
    "facts": {
      "family": null
    }
  },
  {
    "key": {
      "instance_id": "brew:/opt/homebrew",
      "kind": "Formula",
      "name": "readline"
    },
    "display_name": "readline",
    "version": "8.3.6",
    "reason": "Dependency",
    "description": "Library for command-line editing",
    "homepage": "https://tiswww.case.edu/php/chet/readline/rltop.html",
    "size_bytes": null,
    "installed_at": 1789625546,
    "path": null,
    "auto_updates": false,
    "uninstall_blocked": null,
    "facts": {
      "family": null
    }
  },
  {
    "key": {
      "instance_id": "brew:/opt/homebrew",
      "kind": "Formula",
      "name": "sdl2-compat"
    },
    "display_name": "sdl2-compat",
    "version": "2.32.72",
    "reason": "Dependency",
    "description": "SDL2 compatibility layer that uses SDL3 behind the scenes",
    "homepage": "https://github.com/libsdl-org/sdl2-compat",
    "size_bytes": null,
    "installed_at": 1789625481,
    "path": null,
    "auto_updates": false,
    "uninstall_blocked": null,
    "facts": {
      "family": null
    }
  },
  {
    "key": {
      "instance_id": "brew:/opt/homebrew",
      "kind": "Formula",
      "name": "sdl3"
    },
    "display_name": "sdl3",
    "version": "3.4.16",
    "reason": "Dependency",
    "description": "Low-level access to audio, keyboard, mouse, joystick, and graphics",
    "homepage": "https://libsdl.org/",
    "size_bytes": null,
    "installed_at": 1789625481,
    "path": null,
    "auto_updates": false,
    "uninstall_blocked": null,
    "facts": {
      "family": null
    }
  },
  {
    "key": {
      "instance_id": "brew:/opt/homebrew",
      "kind": "Formula",
      "name": "simdjson"
    },
    "display_name": "simdjson",
    "version": "4.6.11",
    "reason": "Dependency",
    "description": "SIMD-accelerated C++ JSON parser",
    "homepage": "https://simdjson.org",
    "size_bytes": null,
    "installed_at": 1789625546,
    "path": null,
    "auto_updates": false,
    "uninstall_blocked": null,
    "facts": {
      "family": null
    }
  },
  {
    "key": {
      "instance_id": "brew:/opt/homebrew",
      "kind": "Formula",
      "name": "simdutf"
    },
    "display_name": "simdutf",
    "version": "9.2.0",
    "reason": "Dependency",
    "description": "Unicode conversion routines, fast",
    "homepage": "https://simdutf.github.io/simdutf/",
    "size_bytes": null,
    "installed_at": 1789625546,
    "path": null,
    "auto_updates": false,
    "uninstall_blocked": null,
    "facts": {
      "family": null
    }
  },
  {
    "key": {
      "instance_id": "brew:/opt/homebrew",
      "kind": "Formula",
      "name": "sqlite"
    },
    "display_name": "sqlite",
    "version": "3.53.4",
    "reason": "Dependency",
    "description": "Command-line interface for SQLite",
    "homepage": "https://sqlite.org/index.html",
    "size_bytes": null,
    "installed_at": 1785909313,
    "path": null,
    "auto_updates": false,
    "uninstall_blocked": null,
    "facts": {
      "family": null
    }
  },
  {
    "key": {
      "instance_id": "brew:/opt/homebrew",
      "kind": "Formula",
      "name": "svt-av1"
    },
    "display_name": "svt-av1",
    "version": "4.2.0",
    "reason": "Dependency",
    "description": "AV1 encoder",
    "homepage": "https://gitlab.com/AOMediaCodec/SVT-AV1",
    "size_bytes": null,
    "installed_at": 1786411429,
    "path": null,
    "auto_updates": false,
    "uninstall_blocked": null,
    "facts": {
      "family": null
    }
  },
  {
    "key": {
      "instance_id": "brew:/opt/homebrew",
      "kind": "Formula",
      "name": "uvwasi"
    },
    "display_name": "uvwasi",
    "version": "0.0.23",
    "reason": "Dependency",
    "description": "WASI syscall API built atop libuv",
    "homepage": "https://github.com/nodejs/uvwasi",
    "size_bytes": null,
    "installed_at": 1783762035,
    "path": null,
    "auto_updates": false,
    "uninstall_blocked": null,
    "facts": {
      "family": null
    }
  },
  {
    "key": {
      "instance_id": "brew:/opt/homebrew",
      "kind": "Formula",
      "name": "webp"
    },
    "display_name": "webp",
    "version": "1.6.0",
    "reason": "Dependency",
    "description": "Image format providing lossless and lossy compression for web images",
    "homepage": "https://developers.google.com/speed/webp/",
    "size_bytes": null,
    "installed_at": 1788244420,
    "path": null,
    "auto_updates": false,
    "uninstall_blocked": null,
    "facts": {
      "family": null
    }
  },
  {
    "key": {
      "instance_id": "brew:/opt/homebrew",
      "kind": "Formula",
      "name": "x264"
    },
    "display_name": "x264",
    "version": "r3222",
    "reason": "Dependency",
    "description": "H.264/AVC encoder",
    "homepage": "https://www.videolan.org/developers/x264.html",
    "size_bytes": null,
    "installed_at": 1786411429,
    "path": null,
    "auto_updates": false,
    "uninstall_blocked": null,
    "facts": {
      "family": null
    }
  },
  {
    "key": {
      "instance_id": "brew:/opt/homebrew",
      "kind": "Formula",
      "name": "x265"
    },
    "display_name": "x265",
    "version": "4.3",
    "reason": "Dependency",
    "description": "H.265/HEVC encoder",
    "homepage": "https://github.com/Multicorewareinc/x265",
    "size_bytes": null,
    "installed_at": 1789625481,
    "path": null,
    "auto_updates": false,
    "uninstall_blocked": null,
    "facts": {
      "family": null
    }
  },
  {
    "key": {
      "instance_id": "brew:/opt/homebrew",
      "kind": "Formula",
      "name": "xcodegen"
    },
    "display_name": "xcodegen",
    "version": "2.46.0",
    "reason": "Requested",
    "description": "Generate your Xcode project from a spec file and your folder structure",
    "homepage": "https://github.com/yonaskolb/XcodeGen",
    "size_bytes": null,
    "installed_at": 1784519176,
    "path": null,
    "auto_updates": false,
    "uninstall_blocked": null,
    "facts": {
      "family": null
    }
  },
  {
    "key": {
      "instance_id": "brew:/opt/homebrew",
      "kind": "Formula",
      "name": "xorgproto"
    },
    "display_name": "xorgproto",
    "version": "2025.1",
    "reason": "Dependency",
    "description": "X.Org: Protocol Headers",
    "homepage": "https://www.x.org/",
    "size_bytes": null,
    "installed_at": 1788244409,
    "path": null,
    "auto_updates": false,
    "uninstall_blocked": null,
    "facts": {
      "family": null
    }
  },
  {
    "key": {
      "instance_id": "brew:/opt/homebrew",
      "kind": "Formula",
      "name": "xz"
    },
    "display_name": "xz",
    "version": "5.8.4",
    "reason": "Dependency",
    "description": "General-purpose data compression with high compression ratio",
    "homepage": "https://tukaani.org/xz/",
    "size_bytes": null,
    "installed_at": 1789618190,
    "path": null,
    "auto_updates": false,
    "uninstall_blocked": null,
    "facts": {
      "family": null
    }
  },
  {
    "key": {
      "instance_id": "brew:/opt/homebrew",
      "kind": "Formula",
      "name": "zstd"
    },
    "display_name": "zstd",
    "version": "1.5.7_1",
    "reason": "Dependency",
    "description": "Zstandard is a real-time compression algorithm",
    "homepage": "https://facebook.github.io/zstd/",
    "size_bytes": null,
    "installed_at": 1783762035,
    "path": null,
    "auto_updates": false,
    "uninstall_blocked": null,
    "facts": {
      "family": null
    }
  },
  {
    "key": {
      "instance_id": "brew:/opt/homebrew",
      "kind": "Cask",
      "name": "codexbar"
    },
    "display_name": "CodexBar",
    "version": "0.53.0",
    "reason": "Requested",
    "description": "Menu bar usage monitor for Codex and Claude",
    "homepage": "https://codexbar.app/",
    "size_bytes": null,
    "installed_at": null,
    "path": "/Applications/CodexBar.app",
    "auto_updates": false,
    "uninstall_blocked": null,
    "facts": {
      "family": null
    }
  },
  {
    "key": {
      "instance_id": "brew:/opt/homebrew",
      "kind": "Cask",
      "name": "gautham-v/tap/claudebar"
    },
    "display_name": "Claudebar",
    "version": "0.1.1",
    "reason": "Requested",
    "description": "Claude usage limits in the menu bar",
    "homepage": "https://github.com/gautham-v/claudebar",
    "size_bytes": null,
    "installed_at": null,
    "path": "/Applications/Claudebar.app",
    "auto_updates": false,
    "uninstall_blocked": null,
    "facts": {
      "family": null
    }
  },
  {
    "key": {
      "instance_id": "brew:/opt/homebrew",
      "kind": "Cask",
      "name": "mxcl/made/package-manager-manager"
    },
    "display_name": "Package Manager Manager",
    "version": "0.25.0",
    "reason": "Requested",
    "description": "Inventory and manage packages across package managers",
    "homepage": "https://github.com/mxcl/package-manager-manager",
    "size_bytes": null,
    "installed_at": null,
    "path": "/Applications/Package Manager Manager.app",
    "auto_updates": true,
    "uninstall_blocked": null,
    "facts": {
      "family": null
    }
  },
  {
    "key": {
      "instance_id": "brew:/opt/homebrew",
      "kind": "Cask",
      "name": "onyx"
    },
    "display_name": "OnyX",
    "version": "5.0.2",
    "reason": "Requested",
    "description": "Verify system files structure, run miscellaneous maintenance and more",
    "homepage": "https://www.titanium-software.fr/en/onyx.html",
    "size_bytes": null,
    "installed_at": null,
    "path": "/Applications/OnyX.app",
    "auto_updates": false,
    "uninstall_blocked": null,
    "facts": {
      "family": null
    }
  }
]
